
user@asus MINGW64 ~
$ node -v
v16.13.1

user@asus MINGW64 ~
$ echo $path


user@asus MINGW64 ~
$ pwd
/c/Users/user

user@asus MINGW64 ~
$ npm -v
8.1.2

user@asus MINGW64 ~
$ node
Welcome to Node.js v16.13.1.
Type ".help" for more information.
> .help
.break    Sometimes you get stuck, this gets you out
.clear    Alias for .break
.editor   Enter editor mode
.exit     Exit the REPL
.help     Print this help message
.load     Load JS from a file into the REPL session
.save     Save all evaluated commands in this REPL session to a file

Press Ctrl+C to abort current expression, Ctrl+D to exit the REPL
> 1+1
2
> 1 =='1'
true
> 1 ==='1'
false
> const nama = 'Muhammad saw'
undefined
> nama
'Muhammad saw'
> const umur = 51
undefined
> umur
51
> const umur = 62
Uncaught SyntaxError: Identifier 'umur' has already been declared
> let i = 2
undefined
> i++
2
> i++
3
> i+++
...
...
> i++
4
> const hallo = (nama,umut_ => {
... console.log(`Nama : $(nama), umur: $(umut) tahun`)
... }
...
> const hallo = (nama,umut) => {
... console.log(`Nama : $(nama), umur: $(umut) tahun`)
... }
undefined
> hallo(nama,umur)
Nama : $(nama), umur: $(umut) tahun
undefined
> const hallo2 = (nama,umur) => {
... console.log(`Nama : ${nama}, umur: ${umut} tahun`)
... }
undefined
> hallo2(nama,umur)
Uncaught ReferenceError: umut is not defined
    at hallo2 (REPL28:2:38)
> const hallo3 = (nama,umur) => {
... console.log(`Nama : ${nama}, umur: ${umur} tahun`)
... }
undefined
> hallo3(nama,umur)
Nama : Muhammad saw, umur: 51 tahun
undefined
> global
<ref *1> Object [global] {
  global: [Circular *1],
  clearInterval: [Function: clearInterval],
  clearTimeout: [Function: clearTimeout],
  setInterval: [Function: setInterval],
  setTimeout: [Function: setTimeout] {
    [Symbol(nodejs.util.promisify.custom)]: [Getter]
  },
  queueMicrotask: [Function: queueMicrotask],
  performance: Performance {
    nodeTiming: PerformanceNodeTiming {
      name: 'node',
      entryType: 'node',
      startTime: 0,
      duration: 970770.8260039687,
      nodeStart: 1.9517289996147156,
      v8Start: 5.118514955043793,
      bootstrapComplete: 111.16876196861267,
      environment: 50.603564977645874,
      loopStart: 376.7961409687996,
      loopExit: -1,
      idleTime: 966956.593269
    },
    timeOrigin: 1642164302393.788
  },
  clearImmediate: [Function: clearImmediate],
  setImmediate: [Function: setImmediate] {
    [Symbol(nodejs.util.promisify.custom)]: [Getter]
  }
}
> global.
...
AbortController       AbortSignal           AggregateError
Array                 ArrayBuffer           Atomics
BigInt                BigInt64Array         BigUint64Array
Boolean               Buffer                DataView
Date                  Error                 EvalError
Event                 EventTarget           FinalizationRegistry
Float32Array          Float64Array          Function
Infinity              Int16Array            Int32Array
Int8Array             Intl                  JSON
Map                   Math                  MessageChannel
MessageEvent          MessagePort           NaN
Number                Object                Promise
Proxy                 RangeError            ReferenceError
Reflect               RegExp                Set
SharedArrayBuffer     String                Symbol
SyntaxError           TextDecoder           TextEncoder
TypeError             URIError              URL
URLSearchParams       Uint16Array           Uint32Array
Uint8Array            Uint8ClampedArray     WeakMap
WeakRef               WeakSet               WebAssembly
_                     _error                assert
async_hooks           atob                  btoa
buffer                child_process         clearImmediate
clearInterval         clearTimeout          cluster
console               constants             crypto
decodeURI             decodeURIComponent    dgram
diagnostics_channel   dns                   domain
encodeURI             encodeURIComponent    escape
eval                  events                fs
global                globalThis            http
http2                 https                 inspector
isFinite              isNaN                 module
net                   os                    parseFloat
parseInt              path                  perf_hooks
performance           process               punycode
querystring           queueMicrotask        readline
repl                  require               setImmediate
setInterval           setTimeout            stream
string_decoder        sys                   timers
tls                   trace_events          tty
undefined             unescape              url
util                  v8                    vm
wasi                  worker_threads        zlib

__proto__             hasOwnProperty        isPrototypeOf
propertyIsEnumerable  toLocaleString        toString
valueOf

constructor

hallo                 hallo2                hallo3
i                     nama                  umur

...
> global.
global.__proto__             global.hasOwnProperty
global.isPrototypeOf         global.propertyIsEnumerable
global.toLocaleString        global.toString
global.valueOf

global.constructor

global.AbortController       global.AbortSignal
global.AggregateError        global.Array
global.ArrayBuffer           global.Atomics
global.BigInt                global.BigInt64Array
global.BigUint64Array        global.Boolean
global.Buffer                global.DataView
global.Date                  global.Error
global.EvalError             global.Event
global.EventTarget           global.FinalizationRegistry
global.Float32Array          global.Float64Array
global.Function              global.Infinity
global.Int16Array            global.Int32Array
global.Int8Array             global.Intl
global.JSON                  global.Map
global.Math                  global.MessageChannel
global.MessageEvent          global.MessagePort
global.NaN                   global.Number
global.Object                global.Promise
global.Proxy                 global.RangeError
global.ReferenceError        global.Reflect
global.RegExp                global.Set
global.SharedArrayBuffer     global.String
global.Symbol                global.SyntaxError
global.TextDecoder           global.TextEncoder
global.TypeError             global.URIError
global.URL                   global.URLSearchParams
global.Uint16Array           global.Uint32Array
global.Uint8Array            global.Uint8ClampedArray
global.WeakMap               global.WeakRef
global.WeakSet               global.WebAssembly
global._                     global._error
global.assert                global.async_hooks
global.atob                  global.btoa
global.buffer                global.child_process
global.clearImmediate        global.clearInterval
global.clearTimeout          global.cluster
global.console               global.constants
global.crypto                global.decodeURI
global.decodeURIComponent    global.dgram
global.diagnostics_channel   global.dns
global.domain                global.encodeURI
global.encodeURIComponent    global.escape
global.eval                  global.events
global.fs                    global.global
global.globalThis            global.http
global.http2                 global.https
global.inspector             global.isFinite
global.isNaN                 global.module
global.net                   global.os
global.parseFloat            global.parseInt
global.path                  global.perf_hooks
global.performance           global.process
global.punycode              global.querystring
global.queueMicrotask        global.readline
global.repl                  global.require
global.setImmediate          global.setInterval
global.setTimeout            global.stream
global.string_decoder        global.sys
global.timers                global.tls
global.trace_events          global.tty
global.undefined             global.unescape
global.url                   global.util
global.v8                    global.vm
global.wasi                  global.worker_threads
global.zlib

> .exit

user@asus MINGW64 ~
$
